100/1980
200/1980
300/1980
400/1980
500/1980
600/1980
700/1980
800/1980
900/1980
1000/1980
1100/1980
1200/1980
1300/1980
1400/1980
1500/1980
1600/1980
1700/1980
1800/1980
1900/1980
{
  "metrics": {
    "event": {
      "runs": 900,
      "completionRate": 0.9622222222222222,
      "meanReleaseToOwnership": 17.87,
      "medianCertificationLatency": 1,
      "broadcastsPerPeerTick": 5.54041356874598,
      "messages": 5667832,
      "averageBundleSize": 1,
      "medianBundleSize": 1,
      "meanTasksPerProposedGroup": 1,
      "proposalRetriesPerTask": null,
      "meanQueuedTasksPerRobotTick": null,
      "energyHoldRobotTicks": 50669,
      "energyHoldsPerRobotTick": 0.04952991110442054,
      "safety": {
        "overlaps": 0,
        "swaps": 0,
        "blockedCells": 0,
        "zeroBatteryWork": 0,
        "queueOverflow": 0,
        "payloadViolations": 0
      },
      "duplicateExecutableOwnerRobotTicks": 0
    },
    "grouped": {
      "runs": 900,
      "completionRate": 0.8566666666666667,
      "meanReleaseToOwnership": 4.552325021661693,
      "medianCertificationLatency": 1,
      "broadcastsPerPeerTick": 3.9110805645929774,
      "messages": 6817252,
      "averageBundleSize": 1.0131370539457747,
      "medianBundleSize": 1,
      "meanTasksPerProposedGroup": 1.9163883202241139,
      "proposalRetriesPerTask": 2.2905555555555557,
      "meanQueuedTasksPerRobotTick": 0.0876750727599321,
      "energyHoldRobotTicks": 122699,
      "energyHoldsPerRobotTick": 0.07039283192039751,
      "safety": {
        "overlaps": 0,
        "swaps": 0,
        "blockedCells": 0,
        "zeroBatteryWork": 0,
        "queueOverflow": 0,
        "payloadViolations": 0
      },
      "duplicateExecutableOwnerRobotTicks": 0
    }
  },
  "EVENT_to_GROUPED": {
    "sumTaskCompletionTime": {
      "metric": "sumTaskCompletionTime = SUM over COMPLETED tasks of flowTime. Total time all tasks collectively spent from release to completion. This is the PRIMARY SIH metric and is always reported by this name.",
      "definition": "sumTaskCompletionTime = SUM over COMPLETED tasks of flowTime. Total time all tasks collectively spent from release to completion. This is the PRIMARY SIH metric and is always reported by this name.",
      "pairedCompleteCount": 749,
      "candidates": 900,
      "baselineOnlyComplete": 117,
      "treatmentOnlyComplete": 22,
      "neitherComplete": 12,
      "baselineTotal": 494081,
      "treatmentTotal": 362319,
      "baselineMean": 659.6542056074767,
      "treatmentMean": 483.7369826435247,
      "baselineMedian": 608,
      "treatmentMedian": 459,
      "aggregateReduction": 0.26668096931474794,
      "aggregateReduction95CI": [
        0.24697036963956853,
        0.2856420636879783
      ],
      "meanPairedReduction": 0.1823563537617339,
      "meanPairedReduction95CI": [
        0.15827981975019118,
        0.20635911206883148
      ],
      "medianPairedReduction": 0.26239669421487605,
      "medianPairedReduction95CI": [
        0.22727272727272727,
        0.28255813953488373
      ],
      "wins": 580,
      "ties": 1,
      "losses": 168,
      "bootstrapResamples": 10000
    },
    "makespan": {
      "metric": "makespan = lastTaskCompletionTick - firstTaskCreationTick, in ticks. How long the fleet took to finish the whole workload. Reported as the SECOND reading, never merged with the sum.",
      "definition": "makespan = lastTaskCompletionTick - firstTaskCreationTick, in ticks. How long the fleet took to finish the whole workload. Reported as the SECOND reading, never merged with the sum.",
      "pairedCompleteCount": 749,
      "candidates": 900,
      "baselineOnlyComplete": 117,
      "treatmentOnlyComplete": 22,
      "neitherComplete": 12,
      "baselineTotal": 124515,
      "treatmentTotal": 97502,
      "baselineMean": 166.24165554072096,
      "treatmentMean": 130.1762349799733,
      "baselineMedian": 160,
      "treatmentMedian": 123,
      "aggregateReduction": 0.21694574950809142,
      "aggregateReduction95CI": [
        0.19929354898680052,
        0.23427524565591518
      ],
      "meanPairedReduction": 0.17203599281669593,
      "meanPairedReduction95CI": [
        0.15270185959052684,
        0.19116637037995016
      ],
      "medianPairedReduction": 0.2112676056338028,
      "medianPairedReduction95CI": [
        0.19230769230769232,
        0.2389937106918239
      ],
      "wins": 618,
      "ties": 6,
      "losses": 125,
      "bootstrapResamples": 10000
    }
  }
}
