100/1980
200/1980
300/1980
400/1980
500/1980
600/1980
700/1980
800/1980
900/1980
1000/1980
1100/1980
1200/1980
1300/1980
1400/1980
1500/1980
1600/1980
1700/1980
1800/1980
1900/1980
{
  "metrics": {
    "event": {
      "runs": 900,
      "completionRate": 0.9622222222222222,
      "meanReleaseToOwnership": 18.546666666666667,
      "medianCertificationLatency": 1,
      "broadcastsPerPeerTick": 5.5293257409464305,
      "messages": 5660133,
      "averageBundleSize": 1,
      "medianBundleSize": 1,
      "meanTasksPerProposedGroup": 1,
      "proposalRetriesPerTask": null,
      "meanQueuedTasksPerRobotTick": null,
      "energyHoldRobotTicks": 52408,
      "energyHoldsPerRobotTick": 0.05119683644033109,
      "safety": {
        "overlaps": 0,
        "swaps": 0,
        "blockedCells": 0,
        "zeroBatteryWork": 0,
        "queueOverflow": 0,
        "payloadViolations": 0
      },
      "duplicateExecutableOwnerRobotTicks": 0
    },
    "grouped": {
      "runs": 900,
      "completionRate": 0.8844444444444445,
      "meanReleaseToOwnership": 4.554810914313069,
      "medianCertificationLatency": 1,
      "broadcastsPerPeerTick": 4.195617001546597,
      "messages": 6470040,
      "averageBundleSize": 1.0134620740878284,
      "medianBundleSize": 1,
      "meanTasksPerProposedGroup": 1.8598851609997749,
      "proposalRetriesPerTask": 2.057962962962963,
      "meanQueuedTasksPerRobotTick": 0.08026288912161703,
      "energyHoldRobotTicks": 95625,
      "energyHoldsPerRobotTick": 0.062009798358726276,
      "safety": {
        "overlaps": 0,
        "swaps": 0,
        "blockedCells": 0,
        "zeroBatteryWork": 0,
        "queueOverflow": 0,
        "payloadViolations": 0
      },
      "duplicateExecutableOwnerRobotTicks": 0
    },
    "stopwait": {
      "runs": 900,
      "completionRate": 0.6688888888888889,
      "meanReleaseToOwnership": 81.75120370370371,
      "medianCertificationLatency": 21,
      "broadcastsPerPeerTick": 2.91425874969108,
      "messages": 10542162,
      "averageBundleSize": 1,
      "medianBundleSize": 1,
      "meanTasksPerProposedGroup": 1,
      "proposalRetriesPerTask": null,
      "meanQueuedTasksPerRobotTick": null,
      "energyHoldRobotTicks": 34422,
      "energyHoldsPerRobotTick": 0.009515563760248263,
      "safety": {
        "overlaps": 0,
        "swaps": 0,
        "blockedCells": 0,
        "zeroBatteryWork": 0,
        "queueOverflow": 0,
        "payloadViolations": 0
      },
      "duplicateExecutableOwnerRobotTicks": 0
    },
    "old": {
      "runs": 900,
      "completionRate": 0.9755555555555555,
      "meanReleaseToOwnership": 81.70994628634932,
      "medianCertificationLatency": 22,
      "broadcastsPerPeerTick": 4.547315357100743,
      "messages": 6015789,
      "averageBundleSize": 1,
      "medianBundleSize": 1,
      "meanTasksPerProposedGroup": 1,
      "proposalRetriesPerTask": null,
      "meanQueuedTasksPerRobotTick": null,
      "energyHoldRobotTicks": 27484,
      "energyHoldsPerRobotTick": 0.02077506629214502,
      "safety": {
        "overlaps": 0,
        "swaps": 0,
        "blockedCells": 0,
        "zeroBatteryWork": 0,
        "queueOverflow": 0,
        "payloadViolations": 0
      },
      "duplicateExecutableOwnerRobotTicks": 0
    }
  },
  "EVENT_to_GROUPED": {
    "sumTaskCompletionTime": {
      "metric": "sumTaskCompletionTime = SUM over COMPLETED tasks of flowTime. Total time all tasks collectively spent from release to completion. This is the PRIMARY SIH metric and is always reported by this name.",
      "definition": "sumTaskCompletionTime = SUM over COMPLETED tasks of flowTime. Total time all tasks collectively spent from release to completion. This is the PRIMARY SIH metric and is always reported by this name.",
      "pairedCompleteCount": 766,
      "candidates": 900,
      "baselineOnlyComplete": 100,
      "treatmentOnlyComplete": 30,
      "neitherComplete": 4,
      "baselineTotal": 512772,
      "treatmentTotal": 370230,
      "baselineMean": 669.4151436031332,
      "treatmentMean": 483.3289817232376,
      "baselineMedian": 593,
      "treatmentMedian": 459.5,
      "aggregateReduction": 0.27798319721045606,
      "aggregateReduction95CI": [
        0.2583173252566203,
        0.29659544072483923
      ],
      "meanPairedReduction": 0.1847473035083514,
      "meanPairedReduction95CI": [
        0.15988716542485304,
        0.20816560444105575
      ],
      "medianPairedReduction": 0.261451048951049,
      "medianPairedReduction95CI": [
        0.2289280711872786,
        0.2826677764000476
      ],
      "wins": 595,
      "ties": 2,
      "losses": 169,
      "bootstrapResamples": 10000
    },
    "makespan": {
      "metric": "makespan = lastTaskCompletionTick - firstTaskCreationTick, in ticks. How long the fleet took to finish the whole workload. Reported as the SECOND reading, never merged with the sum.",
      "definition": "makespan = lastTaskCompletionTick - firstTaskCreationTick, in ticks. How long the fleet took to finish the whole workload. Reported as the SECOND reading, never merged with the sum.",
      "pairedCompleteCount": 766,
      "candidates": 900,
      "baselineOnlyComplete": 100,
      "treatmentOnlyComplete": 30,
      "neitherComplete": 4,
      "baselineTotal": 128528,
      "treatmentTotal": 99140,
      "baselineMean": 167.7911227154047,
      "treatmentMean": 129.42558746736293,
      "baselineMedian": 163,
      "treatmentMedian": 123,
      "aggregateReduction": 0.2286505664135441,
      "aggregateReduction95CI": [
        0.2104397534570306,
        0.24596792721591687
      ],
      "meanPairedReduction": 0.17385510775061747,
      "meanPairedReduction95CI": [
        0.15210310169522542,
        0.1940576009070966
      ],
      "medianPairedReduction": 0.2248575105717963,
      "medianPairedReduction95CI": [
        0.2043854033290653,
        0.2440496333897349
      ],
      "wins": 637,
      "ties": 7,
      "losses": 122,
      "bootstrapResamples": 10000
    }
  },
  "A_to_GROUPED": {
    "sumTaskCompletionTime": {
      "metric": "sumTaskCompletionTime = SUM over COMPLETED tasks of flowTime. Total time all tasks collectively spent from release to completion. This is the PRIMARY SIH metric and is always reported by this name.",
      "definition": "sumTaskCompletionTime = SUM over COMPLETED tasks of flowTime. Total time all tasks collectively spent from release to completion. This is the PRIMARY SIH metric and is always reported by this name.",
      "pairedCompleteCount": 544,
      "candidates": 900,
      "baselineOnlyComplete": 58,
      "treatmentOnlyComplete": 252,
      "neitherComplete": 46,
      "baselineTotal": 853219,
      "treatmentTotal": 265649,
      "baselineMean": 1568.4172794117646,
      "treatmentMean": 488.32536764705884,
      "baselineMedian": 1455,
      "treatmentMedian": 456.5,
      "aggregateReduction": 0.6886508622053658,
      "aggregateReduction95CI": [
        0.6786054341003078,
        0.6983131659577309
      ],
      "meanPairedReduction": 0.6592680953335536,
      "meanPairedReduction95CI": [
        0.6464537093853867,
        0.6714952393589718
      ],
      "medianPairedReduction": 0.6881690978101809,
      "medianPairedReduction95CI": [
        0.6755070202808112,
        0.6991078669910786
      ],
      "wins": 542,
      "ties": 0,
      "losses": 2,
      "bootstrapResamples": 10000
    },
    "makespan": {
      "metric": "makespan = lastTaskCompletionTick - firstTaskCreationTick, in ticks. How long the fleet took to finish the whole workload. Reported as the SECOND reading, never merged with the sum.",
      "definition": "makespan = lastTaskCompletionTick - firstTaskCreationTick, in ticks. How long the fleet took to finish the whole workload. Reported as the SECOND reading, never merged with the sum.",
      "pairedCompleteCount": 544,
      "candidates": 900,
      "baselineOnlyComplete": 58,
      "treatmentOnlyComplete": 252,
      "neitherComplete": 46,
      "baselineTotal": 160582,
      "treatmentTotal": 70541,
      "baselineMean": 295.1875,
      "treatmentMean": 129.67095588235293,
      "baselineMedian": 284.5,
      "treatmentMedian": 123,
      "aggregateReduction": 0.5607166432103224,
      "aggregateReduction95CI": [
        0.5483682066329583,
        0.5721489815136046
      ],
      "meanPairedReduction": 0.5232089703900066,
      "meanPairedReduction95CI": [
        0.5071874236843794,
        0.5384611495621149
      ],
      "medianPairedReduction": 0.5615528182157521,
      "medianPairedReduction95CI": [
        0.5504098360655738,
        0.5734399614913356
      ],
      "wins": 532,
      "ties": 0,
      "losses": 12,
      "bootstrapResamples": 10000
    }
  },
  "D_to_GROUPED": {
    "sumTaskCompletionTime": {
      "metric": "sumTaskCompletionTime = SUM over COMPLETED tasks of flowTime. Total time all tasks collectively spent from release to completion. This is the PRIMARY SIH metric and is always reported by this name.",
      "definition": "sumTaskCompletionTime = SUM over COMPLETED tasks of flowTime. Total time all tasks collectively spent from release to completion. This is the PRIMARY SIH metric and is always reported by this name.",
      "pairedCompleteCount": 776,
      "candidates": 900,
      "baselineOnlyComplete": 102,
      "treatmentOnlyComplete": 20,
      "neitherComplete": 2,
      "baselineTotal": 1109267,
      "treatmentTotal": 375825,
      "baselineMean": 1429.4677835051546,
      "treatmentMean": 484.3105670103093,
      "baselineMedian": 1274.5,
      "treatmentMedian": 458,
      "aggregateReduction": 0.6611951856496227,
      "aggregateReduction95CI": [
        0.6515494303432362,
        0.6702633892833239
      ],
      "meanPairedReduction": 0.6284128045014878,
      "meanPairedReduction95CI": [
        0.6174378522613401,
        0.6392332177466382
      ],
      "medianPairedReduction": 0.6532859399684043,
      "medianPairedReduction95CI": [
        0.6425081433224755,
        0.6680639972362867
      ],
      "wins": 774,
      "ties": 0,
      "losses": 2,
      "bootstrapResamples": 10000
    },
    "makespan": {
      "metric": "makespan = lastTaskCompletionTick - firstTaskCreationTick, in ticks. How long the fleet took to finish the whole workload. Reported as the SECOND reading, never merged with the sum.",
      "definition": "makespan = lastTaskCompletionTick - firstTaskCreationTick, in ticks. How long the fleet took to finish the whole workload. Reported as the SECOND reading, never merged with the sum.",
      "pairedCompleteCount": 776,
      "candidates": 900,
      "baselineOnlyComplete": 102,
      "treatmentOnlyComplete": 20,
      "neitherComplete": 2,
      "baselineTotal": 212414,
      "treatmentTotal": 100438,
      "baselineMean": 273.72938144329896,
      "treatmentMean": 129.43041237113403,
      "baselineMedian": 244,
      "treatmentMedian": 123,
      "aggregateReduction": 0.5271592267929609,
      "aggregateReduction95CI": [
        0.5151122440744907,
        0.5382937052526784
      ],
      "meanPairedReduction": 0.48443596179946247,
      "meanPairedReduction95CI": [
        0.47012087832466803,
        0.49800130023500533
      ],
      "medianPairedReduction": 0.5254635087343265,
      "medianPairedReduction95CI": [
        0.5132443703085905,
        0.5391504708475255
      ],
      "wins": 754,
      "ties": 0,
      "losses": 22,
      "bootstrapResamples": 10000
    }
  }
}
