100/1980
200/1980
300/1980
400/1980
500/1980
600/1980
700/1980
800/1980
900/1980
1000/1980
1100/1980
1200/1980
1300/1980
1400/1980
1500/1980
1600/1980
1700/1980
1800/1980
1900/1980
{
  "metrics": {
    "event": {
      "runs": 900,
      "completionRate": 0.9622222222222222,
      "meanReleaseToOwnership": 18.546666666666667,
      "medianCertificationLatency": 1,
      "broadcastsPerPeerTick": 5.5293257409464305,
      "messages": 5660133,
      "averageBundleSize": 1,
      "medianBundleSize": 1,
      "meanTasksPerProposedGroup": 1,
      "proposalRetriesPerTask": null,
      "meanQueuedTasksPerRobotTick": null,
      "energyHoldRobotTicks": 52408,
      "energyHoldsPerRobotTick": 0.05119683644033109,
      "safety": {
        "overlaps": 0,
        "swaps": 0,
        "blockedCells": 0,
        "zeroBatteryWork": 0,
        "queueOverflow": 0,
        "payloadViolations": 0
      },
      "duplicateExecutableOwnerRobotTicks": 0
    },
    "control": {
      "runs": 900,
      "completionRate": 0.8844444444444445,
      "meanReleaseToOwnership": 4.554810914313069,
      "medianCertificationLatency": 1,
      "broadcastsPerPeerTick": 4.195617001546597,
      "messages": 6470040,
      "averageBundleSize": 1.0134620740878284,
      "medianBundleSize": 1,
      "meanTasksPerProposedGroup": 1.8598851609997749,
      "proposalRetriesPerTask": 2.057962962962963,
      "meanQueuedTasksPerRobotTick": 0.08026288912161703,
      "energyHoldRobotTicks": 95625,
      "energyHoldsPerRobotTick": 0.062009798358726276,
      "safety": {
        "overlaps": 0,
        "swaps": 0,
        "blockedCells": 0,
        "zeroBatteryWork": 0,
        "queueOverflow": 0,
        "payloadViolations": 0
      },
      "duplicateExecutableOwnerRobotTicks": 0
    },
    "grouped": {
      "runs": 900,
      "completionRate": 0.9144444444444444,
      "meanReleaseToOwnership": 4.725886389630195,
      "medianCertificationLatency": 1,
      "broadcastsPerPeerTick": 4.567332777493881,
      "messages": 6113448,
      "averageBundleSize": 1.0154472296734807,
      "medianBundleSize": 1,
      "meanTasksPerProposedGroup": 1.8964865465866132,
      "proposalRetriesPerTask": 2.1552777777777776,
      "meanQueuedTasksPerRobotTick": 0.09829318439226725,
      "energyHoldRobotTicks": 57292,
      "energyHoldsPerRobotTick": 0.04280262619199173,
      "safety": {
        "overlaps": 0,
        "swaps": 0,
        "blockedCells": 0,
        "zeroBatteryWork": 0,
        "queueOverflow": 0,
        "payloadViolations": 0
      },
      "duplicateExecutableOwnerRobotTicks": 0
    },
    "stopwait": {
      "runs": 900,
      "completionRate": 0.6688888888888889,
      "meanReleaseToOwnership": 81.75120370370371,
      "medianCertificationLatency": 21,
      "broadcastsPerPeerTick": 2.91425874969108,
      "messages": 10542162,
      "averageBundleSize": 1,
      "medianBundleSize": 1,
      "meanTasksPerProposedGroup": 1,
      "proposalRetriesPerTask": null,
      "meanQueuedTasksPerRobotTick": null,
      "energyHoldRobotTicks": 34422,
      "energyHoldsPerRobotTick": 0.009515563760248263,
      "safety": {
        "overlaps": 0,
        "swaps": 0,
        "blockedCells": 0,
        "zeroBatteryWork": 0,
        "queueOverflow": 0,
        "payloadViolations": 0
      },
      "duplicateExecutableOwnerRobotTicks": 0
    },
    "old": {
      "runs": 900,
      "completionRate": 0.9755555555555555,
      "meanReleaseToOwnership": 81.70994628634932,
      "medianCertificationLatency": 22,
      "broadcastsPerPeerTick": 4.547315357100743,
      "messages": 6015789,
      "averageBundleSize": 1,
      "medianBundleSize": 1,
      "meanTasksPerProposedGroup": 1,
      "proposalRetriesPerTask": null,
      "meanQueuedTasksPerRobotTick": null,
      "energyHoldRobotTicks": 27484,
      "energyHoldsPerRobotTick": 0.02077506629214502,
      "safety": {
        "overlaps": 0,
        "swaps": 0,
        "blockedCells": 0,
        "zeroBatteryWork": 0,
        "queueOverflow": 0,
        "payloadViolations": 0
      },
      "duplicateExecutableOwnerRobotTicks": 0
    }
  },
  "GROUPED_to_RECHARGED": {
    "sumTaskCompletionTime": {
      "metric": "sumTaskCompletionTime = SUM over COMPLETED tasks of flowTime. Total time all tasks collectively spent from release to completion. This is the PRIMARY SIH metric and is always reported by this name.",
      "definition": "sumTaskCompletionTime = SUM over COMPLETED tasks of flowTime. Total time all tasks collectively spent from release to completion. This is the PRIMARY SIH metric and is always reported by this name.",
      "pairedCompleteCount": 773,
      "candidates": 900,
      "baselineOnlyComplete": 23,
      "treatmentOnlyComplete": 50,
      "neitherComplete": 54,
      "baselineTotal": 372356,
      "treatmentTotal": 380490,
      "baselineMean": 481.7024579560155,
      "treatmentMean": 492.22509702457955,
      "baselineMedian": 457,
      "treatmentMedian": 464,
      "aggregateReduction": -0.021844686267980196,
      "aggregateReduction95CI": [
        -0.04025430087722892,
        -0.00424780654825585
      ],
      "meanPairedReduction": -0.046649167781889836,
      "meanPairedReduction95CI": [
        -0.0681813174139283,
        -0.02680422293664422
      ],
      "medianPairedReduction": -0.003110419906687403,
      "medianPairedReduction95CI": [
        -0.006191950464396285,
        0
      ],
      "wins": 355,
      "ties": 19,
      "losses": 399,
      "bootstrapResamples": 10000
    },
    "makespan": {
      "metric": "makespan = lastTaskCompletionTick - firstTaskCreationTick, in ticks. How long the fleet took to finish the whole workload. Reported as the SECOND reading, never merged with the sum.",
      "definition": "makespan = lastTaskCompletionTick - firstTaskCreationTick, in ticks. How long the fleet took to finish the whole workload. Reported as the SECOND reading, never merged with the sum.",
      "pairedCompleteCount": 773,
      "candidates": 900,
      "baselineOnlyComplete": 23,
      "treatmentOnlyComplete": 50,
      "neitherComplete": 54,
      "baselineTotal": 99768,
      "treatmentTotal": 101969,
      "baselineMean": 129.0659767141009,
      "treatmentMean": 131.91332470892627,
      "baselineMedian": 122,
      "treatmentMedian": 122,
      "aggregateReduction": -0.022061181942105712,
      "aggregateReduction95CI": [
        -0.04267099663150242,
        -0.0021486088250657343
      ],
      "meanPairedReduction": -0.04718485886053994,
      "meanPairedReduction95CI": [
        -0.06840019952387318,
        -0.027170072569348364
      ],
      "medianPairedReduction": 0,
      "medianPairedReduction95CI": [
        -0.008928571428571428,
        0
      ],
      "wins": 320,
      "ties": 71,
      "losses": 382,
      "bootstrapResamples": 10000
    }
  },
  "EVENT_to_GROUPED": {
    "sumTaskCompletionTime": {
      "metric": "sumTaskCompletionTime = SUM over COMPLETED tasks of flowTime. Total time all tasks collectively spent from release to completion. This is the PRIMARY SIH metric and is always reported by this name.",
      "definition": "sumTaskCompletionTime = SUM over COMPLETED tasks of flowTime. Total time all tasks collectively spent from release to completion. This is the PRIMARY SIH metric and is always reported by this name.",
      "pairedCompleteCount": 795,
      "candidates": 900,
      "baselineOnlyComplete": 71,
      "treatmentOnlyComplete": 28,
      "neitherComplete": 6,
      "baselineTotal": 534294,
      "treatmentTotal": 396735,
      "baselineMean": 672.0679245283019,
      "treatmentMean": 499.0377358490566,
      "baselineMedian": 594,
      "treatmentMedian": 466,
      "aggregateReduction": 0.2574593762984424,
      "aggregateReduction95CI": [
        0.23583047619047615,
        0.2777701008381376
      ],
      "meanPairedReduction": 0.15957253562664453,
      "meanPairedReduction95CI": [
        0.13149330708815277,
        0.18607440511708495
      ],
      "medianPairedReduction": 0.24662162162162163,
      "medianPairedReduction95CI": [
        0.2166105499438833,
        0.2693726937269373
      ],
      "wins": 619,
      "ties": 2,
      "losses": 174,
      "bootstrapResamples": 10000
    },
    "makespan": {
      "metric": "makespan = lastTaskCompletionTick - firstTaskCreationTick, in ticks. How long the fleet took to finish the whole workload. Reported as the SECOND reading, never merged with the sum.",
      "definition": "makespan = lastTaskCompletionTick - firstTaskCreationTick, in ticks. How long the fleet took to finish the whole workload. Reported as the SECOND reading, never merged with the sum.",
      "pairedCompleteCount": 795,
      "candidates": 900,
      "baselineOnlyComplete": 71,
      "treatmentOnlyComplete": 28,
      "neitherComplete": 6,
      "baselineTotal": 133844,
      "treatmentTotal": 105707,
      "baselineMean": 168.35723270440252,
      "treatmentMean": 132.96477987421383,
      "baselineMedian": 163,
      "treatmentMedian": 123,
      "aggregateReduction": 0.2102223484056065,
      "aggregateReduction95CI": [
        0.19083894394432255,
        0.22940156114483956
      ],
      "meanPairedReduction": 0.15549191278346736,
      "meanPairedReduction95CI": [
        0.13214974580272168,
        0.1778689344878009
      ],
      "medianPairedReduction": 0.2151394422310757,
      "medianPairedReduction95CI": [
        0.19886363636363635,
        0.23448275862068965
      ],
      "wins": 638,
      "ties": 9,
      "losses": 148,
      "bootstrapResamples": 10000
    }
  },
  "A_to_GROUPED": {
    "sumTaskCompletionTime": {
      "metric": "sumTaskCompletionTime = SUM over COMPLETED tasks of flowTime. Total time all tasks collectively spent from release to completion. This is the PRIMARY SIH metric and is always reported by this name.",
      "definition": "sumTaskCompletionTime = SUM over COMPLETED tasks of flowTime. Total time all tasks collectively spent from release to completion. This is the PRIMARY SIH metric and is always reported by this name.",
      "pairedCompleteCount": 556,
      "candidates": 900,
      "baselineOnlyComplete": 46,
      "treatmentOnlyComplete": 267,
      "neitherComplete": 31,
      "baselineTotal": 876566,
      "treatmentTotal": 284546,
      "baselineMean": 1576.5575539568345,
      "treatmentMean": 511.77338129496405,
      "baselineMedian": 1494.5,
      "treatmentMedian": 467.5,
      "aggregateReduction": 0.6753855385675465,
      "aggregateReduction95CI": [
        0.6637695526246,
        0.6864648745914583
      ],
      "meanPairedReduction": 0.6475305718710967,
      "meanPairedReduction95CI": [
        0.6339134811082898,
        0.6603606427701896
      ],
      "medianPairedReduction": 0.6865327353316247,
      "medianPairedReduction95CI": [
        0.6738081525188651,
        0.6953125
      ],
      "wins": 554,
      "ties": 1,
      "losses": 1,
      "bootstrapResamples": 10000
    },
    "makespan": {
      "metric": "makespan = lastTaskCompletionTick - firstTaskCreationTick, in ticks. How long the fleet took to finish the whole workload. Reported as the SECOND reading, never merged with the sum.",
      "definition": "makespan = lastTaskCompletionTick - firstTaskCreationTick, in ticks. How long the fleet took to finish the whole workload. Reported as the SECOND reading, never merged with the sum.",
      "pairedCompleteCount": 556,
      "candidates": 900,
      "baselineOnlyComplete": 46,
      "treatmentOnlyComplete": 267,
      "neitherComplete": 31,
      "baselineTotal": 164817,
      "treatmentTotal": 74890,
      "baselineMean": 296.43345323741005,
      "treatmentMean": 134.69424460431654,
      "baselineMedian": 291,
      "treatmentMedian": 125,
      "aggregateReduction": 0.5456172603554246,
      "aggregateReduction95CI": [
        0.5319004150395115,
        0.558278279228096
      ],
      "meanPairedReduction": 0.5082884236432027,
      "meanPairedReduction95CI": [
        0.4905699039727346,
        0.5248364122668612
      ],
      "medianPairedReduction": 0.5537260561532407,
      "medianPairedReduction95CI": [
        0.5341933115279354,
        0.5716476698386141
      ],
      "wins": 543,
      "ties": 0,
      "losses": 13,
      "bootstrapResamples": 10000
    }
  },
  "D_to_GROUPED": {
    "sumTaskCompletionTime": {
      "metric": "sumTaskCompletionTime = SUM over COMPLETED tasks of flowTime. Total time all tasks collectively spent from release to completion. This is the PRIMARY SIH metric and is always reported by this name.",
      "definition": "sumTaskCompletionTime = SUM over COMPLETED tasks of flowTime. Total time all tasks collectively spent from release to completion. This is the PRIMARY SIH metric and is always reported by this name.",
      "pairedCompleteCount": 804,
      "candidates": 900,
      "baselineOnlyComplete": 74,
      "treatmentOnlyComplete": 19,
      "neitherComplete": 3,
      "baselineTotal": 1148058,
      "treatmentTotal": 403866,
      "baselineMean": 1427.9328358208954,
      "treatmentMean": 502.32089552238807,
      "baselineMedian": 1270,
      "treatmentMedian": 467,
      "aggregateReduction": 0.6482181213841113,
      "aggregateReduction95CI": [
        0.6373945464702679,
        0.6579973517578557
      ],
      "meanPairedReduction": 0.616100071951715,
      "meanPairedReduction95CI": [
        0.6045048075082133,
        0.6269727387346802
      ],
      "medianPairedReduction": 0.645772402744027,
      "medianPairedReduction95CI": [
        0.6320912442786912,
        0.6593824228028503
      ],
      "wins": 800,
      "ties": 0,
      "losses": 4,
      "bootstrapResamples": 10000
    },
    "makespan": {
      "metric": "makespan = lastTaskCompletionTick - firstTaskCreationTick, in ticks. How long the fleet took to finish the whole workload. Reported as the SECOND reading, never merged with the sum.",
      "definition": "makespan = lastTaskCompletionTick - firstTaskCreationTick, in ticks. How long the fleet took to finish the whole workload. Reported as the SECOND reading, never merged with the sum.",
      "pairedCompleteCount": 804,
      "candidates": 900,
      "baselineOnlyComplete": 74,
      "treatmentOnlyComplete": 19,
      "neitherComplete": 3,
      "baselineTotal": 220092,
      "treatmentTotal": 107596,
      "baselineMean": 273.74626865671644,
      "treatmentMean": 133.82587064676616,
      "baselineMedian": 244,
      "treatmentMedian": 123,
      "aggregateReduction": 0.5111317085582393,
      "aggregateReduction95CI": [
        0.49801576263328695,
        0.5232516974692276
      ],
      "meanPairedReduction": 0.46792001388430404,
      "meanPairedReduction95CI": [
        0.452394525767181,
        0.48251982602999605
      ],
      "medianPairedReduction": 0.5098075641879773,
      "medianPairedReduction95CI": [
        0.4959349593495935,
        0.5253396264672089
      ],
      "wins": 776,
      "ties": 1,
      "losses": 27,
      "bootstrapResamples": 10000
    }
  }
}
