100/1980
200/1980
300/1980
400/1980
500/1980
600/1980
700/1980
800/1980
900/1980
1000/1980
1100/1980
1200/1980
1300/1980
1400/1980
1500/1980
1600/1980
1700/1980
1800/1980
1900/1980
{
  "metrics": {
    "event": {
      "runs": 900,
      "completionRate": 0.9622222222222222,
      "meanReleaseToOwnership": 17.87,
      "medianCertificationLatency": 1,
      "broadcastsPerPeerTick": 5.54041356874598,
      "messages": 5667832,
      "averageBundleSize": 1,
      "medianBundleSize": 1,
      "meanTasksPerProposedGroup": 1,
      "proposalRetriesPerTask": null,
      "meanQueuedTasksPerRobotTick": null,
      "energyHoldRobotTicks": 50669,
      "energyHoldsPerRobotTick": 0.04952991110442054,
      "safety": {
        "overlaps": 0,
        "swaps": 0,
        "blockedCells": 0,
        "zeroBatteryWork": 0,
        "queueOverflow": 0,
        "payloadViolations": 0
      },
      "duplicateExecutableOwnerRobotTicks": 0
    },
    "control": {
      "runs": 900,
      "completionRate": 0.8566666666666667,
      "meanReleaseToOwnership": 4.552325021661693,
      "medianCertificationLatency": 1,
      "broadcastsPerPeerTick": 3.9110805645929774,
      "messages": 6817252,
      "averageBundleSize": 1.0131370539457747,
      "medianBundleSize": 1,
      "meanTasksPerProposedGroup": 1.9163883202241139,
      "proposalRetriesPerTask": 2.2905555555555557,
      "meanQueuedTasksPerRobotTick": 0.0876750727599321,
      "energyHoldRobotTicks": 122699,
      "energyHoldsPerRobotTick": 0.07039283192039751,
      "safety": {
        "overlaps": 0,
        "swaps": 0,
        "blockedCells": 0,
        "zeroBatteryWork": 0,
        "queueOverflow": 0,
        "payloadViolations": 0
      },
      "duplicateExecutableOwnerRobotTicks": 0
    },
    "grouped": {
      "runs": 900,
      "completionRate": 0.8966666666666666,
      "meanReleaseToOwnership": 4.660313793435364,
      "medianCertificationLatency": 1,
      "broadcastsPerPeerTick": 4.172715198378361,
      "messages": 6418458,
      "averageBundleSize": 1.0145427426121003,
      "medianBundleSize": 1,
      "meanTasksPerProposedGroup": 1.9164883372565804,
      "proposalRetriesPerTask": 2.3133333333333335,
      "meanQueuedTasksPerRobotTick": 0.08246082913957055,
      "energyHoldRobotTicks": 47564,
      "energyHoldsPerRobotTick": 0.030921917023632214,
      "safety": {
        "overlaps": 0,
        "swaps": 0,
        "blockedCells": 0,
        "zeroBatteryWork": 0,
        "queueOverflow": 0,
        "payloadViolations": 0
      },
      "duplicateExecutableOwnerRobotTicks": 0
    }
  },
  "GROUPED_to_RECHARGED": {
    "sumTaskCompletionTime": {
      "metric": "sumTaskCompletionTime = SUM over COMPLETED tasks of flowTime. Total time all tasks collectively spent from release to completion. This is the PRIMARY SIH metric and is always reported by this name.",
      "definition": "sumTaskCompletionTime = SUM over COMPLETED tasks of flowTime. Total time all tasks collectively spent from release to completion. This is the PRIMARY SIH metric and is always reported by this name.",
      "pairedCompleteCount": 743,
      "candidates": 900,
      "baselineOnlyComplete": 28,
      "treatmentOnlyComplete": 64,
      "neitherComplete": 65,
      "baselineTotal": 358212,
      "treatmentTotal": 368865,
      "baselineMean": 482.1157469717362,
      "treatmentMean": 496.4535666218035,
      "baselineMedian": 459,
      "treatmentMedian": 467,
      "aggregateReduction": -0.02973937221533607,
      "aggregateReduction95CI": [
        -0.048434432652098236,
        -0.01196384260900385
      ],
      "meanPairedReduction": -0.05339506855445399,
      "meanPairedReduction95CI": [
        -0.074441010100349,
        -0.034065857773948736
      ],
      "medianPairedReduction": -0.007062146892655367,
      "medianPairedReduction95CI": [
        -0.011799410029498525,
        -0.0021141649048625794
      ],
      "wins": 330,
      "ties": 12,
      "losses": 401,
      "bootstrapResamples": 10000
    },
    "makespan": {
      "metric": "makespan = lastTaskCompletionTick - firstTaskCreationTick, in ticks. How long the fleet took to finish the whole workload. Reported as the SECOND reading, never merged with the sum.",
      "definition": "makespan = lastTaskCompletionTick - firstTaskCreationTick, in ticks. How long the fleet took to finish the whole workload. Reported as the SECOND reading, never merged with the sum.",
      "pairedCompleteCount": 743,
      "candidates": 900,
      "baselineOnlyComplete": 28,
      "treatmentOnlyComplete": 64,
      "neitherComplete": 65,
      "baselineTotal": 96645,
      "treatmentTotal": 99395,
      "baselineMean": 130.07402422611037,
      "treatmentMean": 133.77523553162854,
      "baselineMedian": 123,
      "treatmentMedian": 123,
      "aggregateReduction": -0.028454653629261806,
      "aggregateReduction95CI": [
        -0.050421223379205626,
        -0.006272522405574632
      ],
      "meanPairedReduction": -0.05401839193564355,
      "meanPairedReduction95CI": [
        -0.0763466473939231,
        -0.03300303639226925
      ],
      "medianPairedReduction": 0,
      "medianPairedReduction95CI": [
        -0.008130081300813009,
        0
      ],
      "wins": 317,
      "ties": 65,
      "losses": 361,
      "bootstrapResamples": 10000
    }
  },
  "EVENT_to_GROUPED": {
    "sumTaskCompletionTime": {
      "metric": "sumTaskCompletionTime = SUM over COMPLETED tasks of flowTime. Total time all tasks collectively spent from release to completion. This is the PRIMARY SIH metric and is always reported by this name.",
      "definition": "sumTaskCompletionTime = SUM over COMPLETED tasks of flowTime. Total time all tasks collectively spent from release to completion. This is the PRIMARY SIH metric and is always reported by this name.",
      "pairedCompleteCount": 780,
      "candidates": 900,
      "baselineOnlyComplete": 86,
      "treatmentOnlyComplete": 27,
      "neitherComplete": 7,
      "baselineTotal": 519730,
      "treatmentTotal": 399212,
      "baselineMean": 666.3205128205128,
      "treatmentMean": 511.8102564102564,
      "baselineMedian": 608.5,
      "treatmentMedian": 471,
      "aggregateReduction": 0.23188578685086492,
      "aggregateReduction95CI": [
        0.2086977409027726,
        0.2535992380316323
      ],
      "meanPairedReduction": 0.14323100814735834,
      "meanPairedReduction95CI": [
        0.11460816310019263,
        0.17049314624908346
      ],
      "medianPairedReduction": 0.22185178419193766,
      "medianPairedReduction95CI": [
        0.19624162642156098,
        0.2514691411955222
      ],
      "wins": 586,
      "ties": 1,
      "losses": 193,
      "bootstrapResamples": 10000
    },
    "makespan": {
      "metric": "makespan = lastTaskCompletionTick - firstTaskCreationTick, in ticks. How long the fleet took to finish the whole workload. Reported as the SECOND reading, never merged with the sum.",
      "definition": "makespan = lastTaskCompletionTick - firstTaskCreationTick, in ticks. How long the fleet took to finish the whole workload. Reported as the SECOND reading, never merged with the sum.",
      "pairedCompleteCount": 780,
      "candidates": 900,
      "baselineOnlyComplete": 86,
      "treatmentOnlyComplete": 27,
      "neitherComplete": 7,
      "baselineTotal": 129848,
      "treatmentTotal": 106867,
      "baselineMean": 166.47179487179488,
      "treatmentMean": 137.00897435897437,
      "baselineMedian": 160,
      "treatmentMedian": 124,
      "aggregateReduction": 0.17698385804941164,
      "aggregateReduction95CI": [
        0.15629858226790727,
        0.19608084507258972
      ],
      "meanPairedReduction": 0.13458496456556576,
      "meanPairedReduction95CI": [
        0.11127838141019449,
        0.1564257726154437
      ],
      "medianPairedReduction": 0.1990932980281238,
      "medianPairedReduction95CI": [
        0.18032786885245902,
        0.22325581395348837
      ],
      "wins": 603,
      "ties": 8,
      "losses": 169,
      "bootstrapResamples": 10000
    }
  }
}
