100/1980
200/1980
300/1980
400/1980
500/1980
600/1980
700/1980
800/1980
900/1980
1000/1980
1100/1980
1200/1980
1300/1980
1400/1980
1500/1980
1600/1980
1700/1980
1800/1980
1900/1980
{
  "metrics": {
    "baseline": {
      "runs": 900,
      "completed": 602,
      "completionRate": 0.6688888888888889,
      "tasksCompleted": 10028,
      "tasksTotal": 10800,
      "releaseToOwnership": {
        "population": "all first-assigned tasks, including incomplete runs",
        "mean": 81.75120370370371,
        "median": 49.5,
        "p95": 265
      },
      "safety": {
        "overlaps": 0,
        "swaps": 0,
        "blockedCells": 0,
        "zeroBatteryWork": 0,
        "queueOverflow": 0,
        "payloadViolations": 0
      },
      "duplicateExecutableOwnerRobotTicks": 0
    },
    "current": {
      "runs": 900,
      "completed": 878,
      "completionRate": 0.9755555555555555,
      "tasksCompleted": 10768,
      "tasksTotal": 10800,
      "releaseToOwnership": {
        "population": "all first-assigned tasks, including incomplete runs",
        "mean": 81.70994628634932,
        "median": 48,
        "p95": 265
      },
      "safety": {
        "overlaps": 0,
        "swaps": 0,
        "blockedCells": 0,
        "zeroBatteryWork": 0,
        "queueOverflow": 0,
        "payloadViolations": 0
      },
      "duplicateExecutableOwnerRobotTicks": 0
    },
    "event": {
      "runs": 900,
      "completed": 866,
      "completionRate": 0.9622222222222222,
      "tasksCompleted": 10738,
      "tasksTotal": 10800,
      "releaseToOwnership": {
        "population": "all first-assigned tasks, including incomplete runs",
        "mean": 18.546666666666667,
        "median": 3,
        "p95": 88
      },
      "safety": {
        "overlaps": 0,
        "swaps": 0,
        "blockedCells": 0,
        "zeroBatteryWork": 0,
        "queueOverflow": 0,
        "payloadViolations": 0
      },
      "duplicateExecutableOwnerRobotTicks": 0
    }
  },
  "A_to_event": {
    "sumTaskCompletionTime": {
      "metric": "sumTaskCompletionTime = SUM over COMPLETED tasks of flowTime. Total time all tasks collectively spent from release to completion. This is the PRIMARY SIH metric and is always reported by this name.",
      "definition": "sumTaskCompletionTime = SUM over COMPLETED tasks of flowTime. Total time all tasks collectively spent from release to completion. This is the PRIMARY SIH metric and is always reported by this name.",
      "pairedCompleteCount": 584,
      "candidates": 900,
      "baselineOnlyComplete": 18,
      "treatmentOnlyComplete": 282,
      "neitherComplete": 16,
      "baselineTotal": 911032,
      "treatmentTotal": 411649,
      "baselineMean": 1559.986301369863,
      "treatmentMean": 704.8784246575342,
      "baselineMedian": 1449,
      "treatmentMedian": 632,
      "aggregateReduction": 0.5481508882234652,
      "aggregateReduction95CI": [
        0.5364979613456753,
        0.5599246095501114
      ],
      "meanPairedReduction": 0.5452130239778782,
      "meanPairedReduction95CI": [
        0.533305803316825,
        0.5565142978436172
      ],
      "medianPairedReduction": 0.5546673042597876,
      "medianPairedReduction95CI": [
        0.5396220987100264,
        0.5680840898232202
      ],
      "wins": 580,
      "ties": 0,
      "losses": 4,
      "bootstrapResamples": 10000
    },
    "makespan": {
      "metric": "makespan = lastTaskCompletionTick - firstTaskCreationTick, in ticks. How long the fleet took to finish the whole workload. Reported as the SECOND reading, never merged with the sum.",
      "definition": "makespan = lastTaskCompletionTick - firstTaskCreationTick, in ticks. How long the fleet took to finish the whole workload. Reported as the SECOND reading, never merged with the sum.",
      "pairedCompleteCount": 584,
      "candidates": 900,
      "baselineOnlyComplete": 18,
      "treatmentOnlyComplete": 282,
      "neitherComplete": 16,
      "baselineTotal": 171636,
      "treatmentTotal": 99631,
      "baselineMean": 293.8972602739726,
      "treatmentMean": 170.60102739726028,
      "baselineMedian": 281,
      "treatmentMedian": 167,
      "aggregateReduction": 0.4195215455964949,
      "aggregateReduction95CI": [
        0.4065292457012202,
        0.4315634760242514
      ],
      "meanPairedReduction": 0.3926554593907496,
      "meanPairedReduction95CI": [
        0.3773537560159953,
        0.4067946599295469
      ],
      "medianPairedReduction": 0.424,
      "medianPairedReduction95CI": [
        0.4068573195742049,
        0.43340857787810383
      ],
      "wins": 565,
      "ties": 0,
      "losses": 19,
      "bootstrapResamples": 10000
    }
  },
  "D_to_event": {
    "sumTaskCompletionTime": {
      "metric": "sumTaskCompletionTime = SUM over COMPLETED tasks of flowTime. Total time all tasks collectively spent from release to completion. This is the PRIMARY SIH metric and is always reported by this name.",
      "definition": "sumTaskCompletionTime = SUM over COMPLETED tasks of flowTime. Total time all tasks collectively spent from release to completion. This is the PRIMARY SIH metric and is always reported by this name.",
      "pairedCompleteCount": 846,
      "candidates": 900,
      "baselineOnlyComplete": 32,
      "treatmentOnlyComplete": 20,
      "neitherComplete": 2,
      "baselineTotal": 1191162,
      "treatmentTotal": 563857,
      "baselineMean": 1407.9929078014184,
      "treatmentMean": 666.4976359338061,
      "baselineMedian": 1238,
      "treatmentMedian": 586,
      "aggregateReduction": 0.5266328173665715,
      "aggregateReduction95CI": [
        0.5167763960009754,
        0.5367092131266575
      ],
      "meanPairedReduction": 0.5215929932213358,
      "meanPairedReduction95CI": [
        0.5115257177363975,
        0.5315795786466292
      ],
      "medianPairedReduction": 0.5286966463414634,
      "medianPairedReduction95CI": [
        0.5191919191919192,
        0.5401730531520396
      ],
      "wins": 836,
      "ties": 0,
      "losses": 10,
      "bootstrapResamples": 10000
    },
    "makespan": {
      "metric": "makespan = lastTaskCompletionTick - firstTaskCreationTick, in ticks. How long the fleet took to finish the whole workload. Reported as the SECOND reading, never merged with the sum.",
      "definition": "makespan = lastTaskCompletionTick - firstTaskCreationTick, in ticks. How long the fleet took to finish the whole workload. Reported as the SECOND reading, never merged with the sum.",
      "pairedCompleteCount": 846,
      "candidates": 900,
      "baselineOnlyComplete": 32,
      "treatmentOnlyComplete": 20,
      "neitherComplete": 2,
      "baselineTotal": 228927,
      "treatmentTotal": 142073,
      "baselineMean": 270.59929078014187,
      "treatmentMean": 167.93498817966903,
      "baselineMedian": 241,
      "treatmentMedian": 159,
      "aggregateReduction": 0.37939605201658166,
      "aggregateReduction95CI": [
        0.366642301814074,
        0.3919195230741357
      ],
      "meanPairedReduction": 0.34694236864923067,
      "meanPairedReduction95CI": [
        0.3324688649251843,
        0.3610216215894966
      ],
      "medianPairedReduction": 0.37996714779995105,
      "medianPairedReduction95CI": [
        0.36942675159235666,
        0.39466666666666667
      ],
      "wins": 795,
      "ties": 5,
      "losses": 46,
      "bootstrapResamples": 10000
    }
  },
  "A_to_D": {
    "sumTaskCompletionTime": {
      "metric": "sumTaskCompletionTime = SUM over COMPLETED tasks of flowTime. Total time all tasks collectively spent from release to completion. This is the PRIMARY SIH metric and is always reported by this name.",
      "definition": "sumTaskCompletionTime = SUM over COMPLETED tasks of flowTime. Total time all tasks collectively spent from release to completion. This is the PRIMARY SIH metric and is always reported by this name.",
      "pairedCompleteCount": 590,
      "candidates": 900,
      "baselineOnlyComplete": 12,
      "treatmentOnlyComplete": 288,
      "neitherComplete": 10,
      "baselineTotal": 919709,
      "treatmentTotal": 898397,
      "baselineMean": 1558.828813559322,
      "treatmentMean": 1522.706779661017,
      "baselineMedian": 1441,
      "treatmentMedian": 1405.5,
      "aggregateReduction": 0.02317254696866078,
      "aggregateReduction95CI": [
        0.01529559315100204,
        0.03144626766307157
      ],
      "meanPairedReduction": 0.016262212395756398,
      "meanPairedReduction95CI": [
        0.007054816025271015,
        0.02480819905996732
      ],
      "medianPairedReduction": 0.0037620505254088786,
      "medianPairedReduction95CI": [
        0.00218358321095591,
        0.004814340430725875
      ],
      "wins": 362,
      "ties": 57,
      "losses": 171,
      "bootstrapResamples": 10000
    },
    "makespan": {
      "metric": "makespan = lastTaskCompletionTick - firstTaskCreationTick, in ticks. How long the fleet took to finish the whole workload. Reported as the SECOND reading, never merged with the sum.",
      "definition": "makespan = lastTaskCompletionTick - firstTaskCreationTick, in ticks. How long the fleet took to finish the whole workload. Reported as the SECOND reading, never merged with the sum.",
      "pairedCompleteCount": 590,
      "candidates": 900,
      "baselineOnlyComplete": 12,
      "treatmentOnlyComplete": 288,
      "neitherComplete": 10,
      "baselineTotal": 173282,
      "treatmentTotal": 170113,
      "baselineMean": 293.69830508474575,
      "treatmentMean": 288.3271186440678,
      "baselineMedian": 279.5,
      "treatmentMedian": 262.5,
      "aggregateReduction": 0.018288108401334213,
      "aggregateReduction95CI": [
        0.010048995952014583,
        0.026583601426978243
      ],
      "meanPairedReduction": 0.012853507111913146,
      "meanPairedReduction95CI": [
        0.0026361906740443976,
        0.022605007750859416
      ],
      "medianPairedReduction": 0,
      "medianPairedReduction95CI": [
        0,
        0
      ],
      "wins": 254,
      "ties": 171,
      "losses": 165,
      "bootstrapResamples": 10000
    }
  }
}
