[INFO] [launch]: All log files can be found below /root/.ros/log/2026-09-29-22-39-46-788920-fedora-1
[INFO] [launch]: Default logging verbosity is set to INFO
[INFO] [base-1]: process started with pid [30]
[INFO] [ekf_node-2]: process started with pid [31]
[INFO] [static_transform_publisher-3]: process started with pid [32]
[INFO] [controller_server-4]: process started with pid [33]
[INFO] [collision_monitor-5]: process started with pid [34]
[INFO] [lifecycle_manager-6]: process started with pid [35]
[INFO] [fleet_executor-7]: process started with pid [36]
[INFO] [base-8]: process started with pid [37]
[INFO] [ekf_node-9]: process started with pid [38]
[INFO] [static_transform_publisher-10]: process started with pid [39]
[INFO] [controller_server-11]: process started with pid [40]
[INFO] [collision_monitor-12]: process started with pid [41]
[INFO] [lifecycle_manager-13]: process started with pid [42]
[INFO] [fleet_executor-14]: process started with pid [57]
[INFO] [base-15]: process started with pid [58]
[INFO] [ekf_node-16]: process started with pid [59]
[INFO] [static_transform_publisher-17]: process started with pid [75]
[INFO] [controller_server-18]: process started with pid [82]
[INFO] [collision_monitor-19]: process started with pid [90]
[INFO] [lifecycle_manager-20]: process started with pid [99]
[INFO] [fleet_executor-21]: process started with pid [101]
[INFO] [base-22]: process started with pid [128]
[INFO] [ekf_node-23]: process started with pid [141]
[INFO] [static_transform_publisher-24]: process started with pid [161]
[INFO] [controller_server-25]: process started with pid [167]
[INFO] [collision_monitor-26]: process started with pid [170]
[INFO] [lifecycle_manager-27]: process started with pid [172]
[INFO] [fleet_executor-28]: process started with pid [175]
[INFO] [base-29]: process started with pid [178]
[INFO] [ekf_node-30]: process started with pid [206]
[INFO] [static_transform_publisher-31]: process started with pid [207]
[INFO] [controller_server-32]: process started with pid [226]
[INFO] [collision_monitor-33]: process started with pid [237]
[INFO] [lifecycle_manager-34]: process started with pid [240]
[INFO] [fleet_executor-35]: process started with pid [245]
[static_transform_publisher-3] [INFO] [1790721586.956279970] [AMR_01.static_transform_publisher_kgPYpCHOrsPwbfcD]: Spinning until stopped - publishing transform
[static_transform_publisher-3] translation: ('0.000000', '0.000000', '0.000000')
[static_transform_publisher-3] rotation: ('0.000000', '0.000000', '0.000000', '1.000000')
[static_transform_publisher-3] from 'map' to 'odom'
[controller_server-4] [INFO] [1790721586.939558831] [AMR_01.controller_server]: 
[controller_server-4] 	controller_server lifecycle node launched. 
[controller_server-4] 	Waiting on external lifecycle transitions to activate
[controller_server-4] 	See https://design.ros2.org/articles/node_lifecycle.html for more information.
[controller_server-4] [INFO] [1790721586.940770598] [AMR_01.controller_server]: Creating controller server
[controller_server-4] [INFO] [1790721586.956270424] [AMR_01.local_costmap.local_costmap]: 
[controller_server-4] 	local_costmap lifecycle node launched. 
[controller_server-4] 	Waiting on external lifecycle transitions to activate
[controller_server-4] 	See https://design.ros2.org/articles/node_lifecycle.html for more information.
[controller_server-4] [INFO] [1790721586.957538217] [AMR_01.local_costmap.local_costmap]: Creating Costmap
[collision_monitor-5] [INFO] [1790721586.975398281] [AMR_01.collision_monitor]: 
[collision_monitor-5] 	collision_monitor lifecycle node launched. 
[collision_monitor-5] 	Waiting on external lifecycle transitions to activate
[collision_monitor-5] 	See https://design.ros2.org/articles/node_lifecycle.html for more information.
[lifecycle_manager-6] [INFO] [1790721586.945151354] [AMR_01.lifecycle_manager_execution]: Creating
[lifecycle_manager-6] [INFO] [1790721586.950039440] [AMR_01.lifecycle_manager_execution]: [34m[1mCreating and initializing lifecycle service clients[0m[0m
[static_transform_publisher-10] [INFO] [1790721586.942868898] [AMR_02.static_transform_publisher_wCpKV7kcGaTDUPt7]: Spinning until stopped - publishing transform
[static_transform_publisher-10] translation: ('0.000000', '0.000000', '0.000000')
[static_transform_publisher-10] rotation: ('0.000000', '0.000000', '0.000000', '1.000000')
[static_transform_publisher-10] from 'map' to 'odom'
[controller_server-11] [INFO] [1790721586.965243648] [AMR_02.controller_server]: 
[controller_server-11] 	controller_server lifecycle node launched. 
[controller_server-11] 	Waiting on external lifecycle transitions to activate
[controller_server-11] 	See https://design.ros2.org/articles/node_lifecycle.html for more information.
[controller_server-11] [INFO] [1790721586.966870116] [AMR_02.controller_server]: Creating controller server
[lifecycle_manager-13] [INFO] [1790721586.956260313] [AMR_02.lifecycle_manager_execution]: Creating
[lifecycle_manager-13] [INFO] [1790721586.968707227] [AMR_02.lifecycle_manager_execution]: [34m[1mCreating and initializing lifecycle service clients[0m[0m
[controller_server-18] [INFO] [1790721586.980999886] [AMR_03.controller_server]: 
[controller_server-18] 	controller_server lifecycle node launched. 
[controller_server-18] 	Waiting on external lifecycle transitions to activate
[controller_server-18] 	See https://design.ros2.org/articles/node_lifecycle.html for more information.
[controller_server-18] [INFO] [1790721586.982488644] [AMR_03.controller_server]: Creating controller server
[controller_server-18] [INFO] [1790721586.994018955] [AMR_03.local_costmap.local_costmap]: 
[controller_server-18] 	local_costmap lifecycle node launched. 
[controller_server-18] 	Waiting on external lifecycle transitions to activate
[controller_server-18] 	See https://design.ros2.org/articles/node_lifecycle.html for more information.
[controller_server-18] [INFO] [1790721586.994497228] [AMR_03.local_costmap.local_costmap]: Creating Costmap
[controller_server-25] [INFO] [1790721586.994279127] [AMR_04.controller_server]: 
[controller_server-25] 	controller_server lifecycle node launched. 
[controller_server-25] 	Waiting on external lifecycle transitions to activate
[controller_server-25] 	See https://design.ros2.org/articles/node_lifecycle.html for more information.
[controller_server-25] [INFO] [1790721586.995915872] [AMR_04.controller_server]: Creating controller server
[controller_server-11] [INFO] [1790721586.999493122] [AMR_02.local_costmap.local_costmap]: 
[controller_server-11] 	local_costmap lifecycle node launched. 
[controller_server-11] 	Waiting on external lifecycle transitions to activate
[controller_server-11] 	See https://design.ros2.org/articles/node_lifecycle.html for more information.
[controller_server-11] [INFO] [1790721586.999980969] [AMR_02.local_costmap.local_costmap]: Creating Costmap
[static_transform_publisher-24] [INFO] [1790721587.002159646] [AMR_04.static_transform_publisher_HVlFY8LhtZNHf8nR]: Spinning until stopped - publishing transform
[static_transform_publisher-24] translation: ('0.000000', '0.000000', '0.000000')
[static_transform_publisher-24] rotation: ('0.000000', '0.000000', '0.000000', '1.000000')
[static_transform_publisher-24] from 'map' to 'odom'
[controller_server-25] [INFO] [1790721587.015265966] [AMR_04.local_costmap.local_costmap]: 
[controller_server-25] 	local_costmap lifecycle node launched. 
[controller_server-25] 	Waiting on external lifecycle transitions to activate
[controller_server-25] 	See https://design.ros2.org/articles/node_lifecycle.html for more information.
[controller_server-25] [INFO] [1790721587.015717480] [AMR_04.local_costmap.local_costmap]: Creating Costmap
[lifecycle_manager-20] [INFO] [1790721587.026384013] [AMR_03.lifecycle_manager_execution]: Creating
[lifecycle_manager-13] [INFO] [1790721587.030229157] [AMR_02.lifecycle_manager_execution]: [34m[1mStarting managed nodes bringup...[0m[0m
[lifecycle_manager-13] [INFO] [1790721587.030322251] [AMR_02.lifecycle_manager_execution]: [34m[1mConfiguring controller_server[0m[0m
[collision_monitor-12] [INFO] [1790721587.031794331] [AMR_02.collision_monitor]: 
[collision_monitor-12] 	collision_monitor lifecycle node launched. 
[collision_monitor-12] 	Waiting on external lifecycle transitions to activate
[collision_monitor-12] 	See https://design.ros2.org/articles/node_lifecycle.html for more information.
[lifecycle_manager-20] [INFO] [1790721587.035219728] [AMR_03.lifecycle_manager_execution]: [34m[1mCreating and initializing lifecycle service clients[0m[0m
[collision_monitor-26] [INFO] [1790721587.056995877] [AMR_04.collision_monitor]: 
[collision_monitor-26] 	collision_monitor lifecycle node launched. 
[collision_monitor-26] 	Waiting on external lifecycle transitions to activate
[collision_monitor-26] 	See https://design.ros2.org/articles/node_lifecycle.html for more information.
[collision_monitor-19] [INFO] [1790721587.061686684] [AMR_03.collision_monitor]: 
[collision_monitor-19] 	collision_monitor lifecycle node launched. 
[collision_monitor-19] 	Waiting on external lifecycle transitions to activate
[collision_monitor-19] 	See https://design.ros2.org/articles/node_lifecycle.html for more information.
[lifecycle_manager-27] [INFO] [1790721587.068020113] [AMR_04.lifecycle_manager_execution]: Creating
[lifecycle_manager-27] [INFO] [1790721587.084808113] [AMR_04.lifecycle_manager_execution]: [34m[1mCreating and initializing lifecycle service clients[0m[0m
[static_transform_publisher-31] [INFO] [1790721587.084323439] [AMR_05.static_transform_publisher_xmYV3tA5QYsAn3lG]: Spinning until stopped - publishing transform
[static_transform_publisher-31] translation: ('0.000000', '0.000000', '0.000000')
[static_transform_publisher-31] rotation: ('0.000000', '0.000000', '0.000000', '1.000000')
[static_transform_publisher-31] from 'map' to 'odom'
[lifecycle_manager-34] [INFO] [1790721587.093044863] [AMR_05.lifecycle_manager_execution]: Creating
[lifecycle_manager-6] [INFO] [1790721587.093531870] [AMR_01.lifecycle_manager_execution]: [34m[1mStarting managed nodes bringup...[0m[0m
[lifecycle_manager-6] [INFO] [1790721587.093575748] [AMR_01.lifecycle_manager_execution]: [34m[1mConfiguring controller_server[0m[0m
[collision_monitor-33] [INFO] [1790721587.106473524] [AMR_05.collision_monitor]: 
[collision_monitor-33] 	collision_monitor lifecycle node launched. 
[collision_monitor-33] 	Waiting on external lifecycle transitions to activate
[collision_monitor-33] 	See https://design.ros2.org/articles/node_lifecycle.html for more information.
[controller_server-32] [INFO] [1790721587.109407643] [AMR_05.controller_server]: 
[controller_server-32] 	controller_server lifecycle node launched. 
[controller_server-32] 	Waiting on external lifecycle transitions to activate
[controller_server-32] 	See https://design.ros2.org/articles/node_lifecycle.html for more information.
[controller_server-32] [INFO] [1790721587.110795601] [AMR_05.controller_server]: Creating controller server
[static_transform_publisher-17] [INFO] [1790721587.111381170] [AMR_03.static_transform_publisher_LV4n6bNuvZIrRsbh]: Spinning until stopped - publishing transform
[static_transform_publisher-17] translation: ('0.000000', '0.000000', '0.000000')
[static_transform_publisher-17] rotation: ('0.000000', '0.000000', '0.000000', '1.000000')
[static_transform_publisher-17] from 'map' to 'odom'
[lifecycle_manager-34] [INFO] [1790721587.113886274] [AMR_05.lifecycle_manager_execution]: [34m[1mCreating and initializing lifecycle service clients[0m[0m
[controller_server-32] [INFO] [1790721587.149079437] [AMR_05.local_costmap.local_costmap]: 
[controller_server-32] 	local_costmap lifecycle node launched. 
[controller_server-32] 	Waiting on external lifecycle transitions to activate
[controller_server-32] 	See https://design.ros2.org/articles/node_lifecycle.html for more information.
[controller_server-32] [INFO] [1790721587.149527827] [AMR_05.local_costmap.local_costmap]: Creating Costmap
[controller_server-11] [INFO] [1790721587.177875135] [AMR_02.controller_server]: Configuring controller interface
[controller_server-11] [INFO] [1790721587.177920590] [AMR_02.controller_server]: getting progress checker plugins..
[controller_server-11] [INFO] [1790721587.184324945] [AMR_02.controller_server]: getting goal checker plugins..
[controller_server-11] [INFO] [1790721587.186854641] [AMR_02.controller_server]: Controller frequency set to 20.0000Hz
[controller_server-11] [INFO] [1790721587.186953232] [AMR_02.local_costmap.local_costmap]: Configuring
[controller_server-11] [INFO] [1790721587.209878326] [AMR_02.local_costmap.local_costmap]: Using plugin "static_layer"
[controller_server-11] [INFO] [1790721587.221326259] [AMR_02.local_costmap.local_costmap]: Subscribing to the map topic (/AMR_02/map) with transient local durability
[lifecycle_manager-20] [INFO] [1790721587.221651731] [AMR_03.lifecycle_manager_execution]: [34m[1mStarting managed nodes bringup...[0m[0m
[lifecycle_manager-20] [INFO] [1790721587.221742901] [AMR_03.lifecycle_manager_execution]: [34m[1mConfiguring controller_server[0m[0m
[controller_server-11] [INFO] [1790721587.227669887] [AMR_02.local_costmap.local_costmap]: Initialized plugin "static_layer"
[controller_server-11] [INFO] [1790721587.227722005] [AMR_02.local_costmap.local_costmap]: Using plugin "inflation_layer"
[lifecycle_manager-34] [INFO] [1790721587.232466169] [AMR_05.lifecycle_manager_execution]: [34m[1mStarting managed nodes bringup...[0m[0m
[lifecycle_manager-34] [INFO] [1790721587.232568733] [AMR_05.lifecycle_manager_execution]: [34m[1mConfiguring controller_server[0m[0m
[controller_server-32] [INFO] [1790721587.233400680] [AMR_05.controller_server]: Configuring controller interface
[controller_server-32] [INFO] [1790721587.233661107] [AMR_05.controller_server]: getting progress checker plugins..
[controller_server-32] [INFO] [1790721587.234219619] [AMR_05.controller_server]: getting goal checker plugins..
[controller_server-32] [INFO] [1790721587.234854199] [AMR_05.controller_server]: Controller frequency set to 20.0000Hz
[controller_server-32] [INFO] [1790721587.234971749] [AMR_05.local_costmap.local_costmap]: Configuring
[controller_server-11] [INFO] [1790721587.234262908] [AMR_02.local_costmap.local_costmap]: Initialized plugin "inflation_layer"
[controller_server-4] [INFO] [1790721587.240182517] [AMR_01.controller_server]: Configuring controller interface
[controller_server-4] [INFO] [1790721587.240218995] [AMR_01.controller_server]: getting progress checker plugins..
[controller_server-4] [INFO] [1790721587.241403313] [AMR_01.controller_server]: getting goal checker plugins..
[controller_server-4] [INFO] [1790721587.243399938] [AMR_01.controller_server]: Controller frequency set to 20.0000Hz
[controller_server-4] [INFO] [1790721587.243489249] [AMR_01.local_costmap.local_costmap]: Configuring
[controller_server-18] [INFO] [1790721587.253117910] [AMR_03.controller_server]: Configuring controller interface
[controller_server-18] [INFO] [1790721587.253178930] [AMR_03.controller_server]: getting progress checker plugins..
[controller_server-32] [INFO] [1790721587.256363319] [AMR_05.local_costmap.local_costmap]: Using plugin "static_layer"
[controller_server-4] [INFO] [1790721587.261180116] [AMR_01.local_costmap.local_costmap]: Using plugin "static_layer"
[controller_server-32] [INFO] [1790721587.263331674] [AMR_05.local_costmap.local_costmap]: Subscribing to the map topic (/AMR_05/map) with transient local durability
[controller_server-4] [INFO] [1790721587.267619428] [AMR_01.local_costmap.local_costmap]: Subscribing to the map topic (/AMR_01/map) with transient local durability
[controller_server-32] [INFO] [1790721587.268496070] [AMR_05.local_costmap.local_costmap]: Initialized plugin "static_layer"
[controller_server-32] [INFO] [1790721587.268532427] [AMR_05.local_costmap.local_costmap]: Using plugin "inflation_layer"
[controller_server-4] [INFO] [1790721587.270579846] [AMR_01.local_costmap.local_costmap]: Initialized plugin "static_layer"
[controller_server-4] [INFO] [1790721587.270616751] [AMR_01.local_costmap.local_costmap]: Using plugin "inflation_layer"
[controller_server-4] [INFO] [1790721587.271668153] [AMR_01.local_costmap.local_costmap]: Initialized plugin "inflation_layer"
[controller_server-32] [INFO] [1790721587.271630581] [AMR_05.local_costmap.local_costmap]: Initialized plugin "inflation_layer"
[controller_server-18] [INFO] [1790721587.278065372] [AMR_03.controller_server]: getting goal checker plugins..
[controller_server-18] [INFO] [1790721587.278995551] [AMR_03.controller_server]: Controller frequency set to 20.0000Hz
[controller_server-18] [INFO] [1790721587.279117076] [AMR_03.local_costmap.local_costmap]: Configuring
[controller_server-11] [INFO] [1790721587.314479673] [AMR_02.controller_server]: Created progress_checker : progress_checker of type nav2_controller::SimpleProgressChecker
[controller_server-11] [INFO] [1790721587.316395056] [AMR_02.controller_server]: Controller Server has progress_checker  progress checkers available.
[controller_server-11] [INFO] [1790721587.318923823] [AMR_02.controller_server]: Created goal checker : goal_checker of type nav2_controller::SimpleGoalChecker
[controller_server-11] [INFO] [1790721587.324950714] [AMR_02.controller_server]: Controller Server has goal_checker  goal checkers available.
[controller_server-11] [INFO] [1790721587.326344582] [AMR_02.controller_server]: Created controller : FollowPath of type nav2_regulated_pure_pursuit_controller::RegulatedPurePursuitController
[controller_server-4] [INFO] [1790721587.330363800] [AMR_01.controller_server]: Created progress_checker : progress_checker of type nav2_controller::SimpleProgressChecker
[controller_server-18] [INFO] [1790721587.333255442] [AMR_03.local_costmap.local_costmap]: Using plugin "static_layer"
[controller_server-4] [INFO] [1790721587.333606362] [AMR_01.controller_server]: Controller Server has progress_checker  progress checkers available.
[controller_server-4] [INFO] [1790721587.334370025] [AMR_01.controller_server]: Created goal checker : goal_checker of type nav2_controller::SimpleGoalChecker
[controller_server-4] [INFO] [1790721587.336262694] [AMR_01.controller_server]: Controller Server has goal_checker  goal checkers available.
[controller_server-4] [INFO] [1790721587.337538505] [AMR_01.controller_server]: Created controller : FollowPath of type nav2_regulated_pure_pursuit_controller::RegulatedPurePursuitController
[lifecycle_manager-27] [INFO] [1790721587.339869369] [AMR_04.lifecycle_manager_execution]: [34m[1mStarting managed nodes bringup...[0m[0m
[lifecycle_manager-27] [INFO] [1790721587.339926650] [AMR_04.lifecycle_manager_execution]: [34m[1mConfiguring controller_server[0m[0m
[controller_server-25] [INFO] [1790721587.340461348] [AMR_04.controller_server]: Configuring controller interface
[controller_server-25] [INFO] [1790721587.340491174] [AMR_04.controller_server]: getting progress checker plugins..
[controller_server-25] [INFO] [1790721587.341144432] [AMR_04.controller_server]: getting goal checker plugins..
[controller_server-25] [INFO] [1790721587.343227223] [AMR_04.controller_server]: Controller frequency set to 20.0000Hz
[controller_server-25] [INFO] [1790721587.344002863] [AMR_04.local_costmap.local_costmap]: Configuring
[controller_server-18] [INFO] [1790721587.347069910] [AMR_03.local_costmap.local_costmap]: Subscribing to the map topic (/AMR_03/map) with transient local durability
[controller_server-18] [INFO] [1790721587.351845115] [AMR_03.local_costmap.local_costmap]: Initialized plugin "static_layer"
[controller_server-18] [INFO] [1790721587.351895187] [AMR_03.local_costmap.local_costmap]: Using plugin "inflation_layer"
[controller_server-18] [INFO] [1790721587.357792389] [AMR_03.local_costmap.local_costmap]: Initialized plugin "inflation_layer"
[controller_server-32] [INFO] [1790721587.366386649] [AMR_05.controller_server]: Created progress_checker : progress_checker of type nav2_controller::SimpleProgressChecker
[controller_server-4] [INFO] [1790721587.366702535] [AMR_01.controller_server]: Controller Server has FollowPath  controllers available.
[controller_server-32] [INFO] [1790721587.367066552] [AMR_05.controller_server]: Controller Server has progress_checker  progress checkers available.
[controller_server-25] [INFO] [1790721587.367453725] [AMR_04.local_costmap.local_costmap]: Using plugin "static_layer"
[controller_server-32] [INFO] [1790721587.367639733] [AMR_05.controller_server]: Created goal checker : goal_checker of type nav2_controller::SimpleGoalChecker
[controller_server-32] [INFO] [1790721587.370604880] [AMR_05.controller_server]: Controller Server has goal_checker  goal checkers available.
[controller_server-32] [INFO] [1790721587.372313540] [AMR_05.controller_server]: Created controller : FollowPath of type nav2_regulated_pure_pursuit_controller::RegulatedPurePursuitController
[controller_server-25] [INFO] [1790721587.376679544] [AMR_04.local_costmap.local_costmap]: Subscribing to the map topic (/AMR_04/map) with transient local durability
[controller_server-11] [INFO] [1790721587.378495753] [AMR_02.controller_server]: Controller Server has FollowPath  controllers available.
[controller_server-25] [INFO] [1790721587.382454717] [AMR_04.local_costmap.local_costmap]: Initialized plugin "static_layer"
[controller_server-25] [INFO] [1790721587.382506467] [AMR_04.local_costmap.local_costmap]: Using plugin "inflation_layer"
[controller_server-25] [INFO] [1790721587.385980719] [AMR_04.local_costmap.local_costmap]: Initialized plugin "inflation_layer"
[controller_server-32] [INFO] [1790721587.398767472] [AMR_05.controller_server]: Controller Server has FollowPath  controllers available.
[lifecycle_manager-6] [INFO] [1790721587.398934442] [AMR_01.lifecycle_manager_execution]: [34m[1mConfiguring collision_monitor[0m[0m
[collision_monitor-5] [INFO] [1790721587.400179406] [AMR_01.collision_monitor]: Configuring
[lifecycle_manager-13] [INFO] [1790721587.403319248] [AMR_02.lifecycle_manager_execution]: [34m[1mConfiguring collision_monitor[0m[0m
[collision_monitor-12] [INFO] [1790721587.405263427] [AMR_02.collision_monitor]: Configuring
[collision_monitor-5] [INFO] [1790721587.413649948] [collision_monitor]: [scan]: Creating Scan
[controller_server-18] [INFO] [1790721587.419748188] [AMR_03.controller_server]: Created progress_checker : progress_checker of type nav2_controller::SimpleProgressChecker
[controller_server-18] [INFO] [1790721587.420679816] [AMR_03.controller_server]: Controller Server has progress_checker  progress checkers available.
[controller_server-18] [INFO] [1790721587.421310283] [AMR_03.controller_server]: Created goal checker : goal_checker of type nav2_controller::SimpleGoalChecker
[collision_monitor-5] [INFO] [1790721587.420882360] [collision_monitor]: [StopZone]: Creating Polygon
[controller_server-18] [INFO] [1790721587.425311006] [AMR_03.controller_server]: Controller Server has goal_checker  goal checkers available.
[controller_server-18] [INFO] [1790721587.426827584] [AMR_03.controller_server]: Created controller : FollowPath of type nav2_regulated_pure_pursuit_controller::RegulatedPurePursuitController
[collision_monitor-12] [INFO] [1790721587.447337767] [collision_monitor]: [scan]: Creating Scan
[lifecycle_manager-34] [INFO] [1790721587.448882928] [AMR_05.lifecycle_manager_execution]: [34m[1mConfiguring collision_monitor[0m[0m
[collision_monitor-33] [INFO] [1790721587.449843053] [AMR_05.collision_monitor]: Configuring
[collision_monitor-12] [INFO] [1790721587.456616832] [collision_monitor]: [StopZone]: Creating Polygon
[controller_server-18] [INFO] [1790721587.460305545] [AMR_03.controller_server]: Controller Server has FollowPath  controllers available.
[controller_server-25] [INFO] [1790721587.461147209] [AMR_04.controller_server]: Created progress_checker : progress_checker of type nav2_controller::SimpleProgressChecker
[controller_server-25] [INFO] [1790721587.463020557] [AMR_04.controller_server]: Controller Server has progress_checker  progress checkers available.
[controller_server-25] [INFO] [1790721587.463822018] [AMR_04.controller_server]: Created goal checker : goal_checker of type nav2_controller::SimpleGoalChecker
[controller_server-25] [INFO] [1790721587.467496401] [AMR_04.controller_server]: Controller Server has goal_checker  goal checkers available.
[controller_server-25] [INFO] [1790721587.470072365] [AMR_04.controller_server]: Created controller : FollowPath of type nav2_regulated_pure_pursuit_controller::RegulatedPurePursuitController
[collision_monitor-33] [INFO] [1790721587.470619623] [collision_monitor]: [scan]: Creating Scan
[collision_monitor-33] [INFO] [1790721587.476278439] [collision_monitor]: [StopZone]: Creating Polygon
[lifecycle_manager-6] [INFO] [1790721587.477028923] [AMR_01.lifecycle_manager_execution]: [34m[1mActivating controller_server[0m[0m
[controller_server-4] [INFO] [1790721587.478211465] [AMR_01.controller_server]: Activating
[controller_server-4] [INFO] [1790721587.478255955] [AMR_01.local_costmap.local_costmap]: Activating
[controller_server-4] [INFO] [1790721587.478264725] [AMR_01.local_costmap.local_costmap]: Checking transform
[controller_server-4] [INFO] [1790721587.478312449] [AMR_01.local_costmap.local_costmap]: Timed out waiting for transform from base_link to odom to become available, tf error: Invalid frame ID "base_link" passed to canTransform argument source_frame - frame does not exist
[lifecycle_manager-13] [INFO] [1790721587.499148155] [AMR_02.lifecycle_manager_execution]: [34m[1mActivating controller_server[0m[0m
[controller_server-11] [INFO] [1790721587.499781960] [AMR_02.controller_server]: Activating
[controller_server-11] [INFO] [1790721587.499826876] [AMR_02.local_costmap.local_costmap]: Activating
[controller_server-11] [INFO] [1790721587.499836467] [AMR_02.local_costmap.local_costmap]: Checking transform
[controller_server-11] [INFO] [1790721587.499894784] [AMR_02.local_costmap.local_costmap]: Timed out waiting for transform from base_link to odom to become available, tf error: Invalid frame ID "base_link" passed to canTransform argument source_frame - frame does not exist
[lifecycle_manager-20] [INFO] [1790721587.509049009] [AMR_03.lifecycle_manager_execution]: [34m[1mConfiguring collision_monitor[0m[0m
[collision_monitor-19] [INFO] [1790721587.509903071] [AMR_03.collision_monitor]: Configuring
[controller_server-25] [INFO] [1790721587.513932354] [AMR_04.controller_server]: Controller Server has FollowPath  controllers available.
[lifecycle_manager-34] [INFO] [1790721587.529792747] [AMR_05.lifecycle_manager_execution]: [34m[1mActivating controller_server[0m[0m
[controller_server-32] [INFO] [1790721587.530768082] [AMR_05.controller_server]: Activating
[controller_server-32] [INFO] [1790721587.530817781] [AMR_05.local_costmap.local_costmap]: Activating
[controller_server-32] [INFO] [1790721587.530828456] [AMR_05.local_costmap.local_costmap]: Checking transform
[controller_server-32] [INFO] [1790721587.530884727] [AMR_05.local_costmap.local_costmap]: Timed out waiting for transform from base_link to odom to become available, tf error: Invalid frame ID "base_link" passed to canTransform argument source_frame - frame does not exist
[lifecycle_manager-27] [INFO] [1790721587.537777696] [AMR_04.lifecycle_manager_execution]: [34m[1mConfiguring collision_monitor[0m[0m
[collision_monitor-26] [INFO] [1790721587.538311141] [AMR_04.collision_monitor]: Configuring
[collision_monitor-19] [INFO] [1790721587.539601405] [collision_monitor]: [scan]: Creating Scan
[collision_monitor-19] [INFO] [1790721587.546931564] [collision_monitor]: [StopZone]: Creating Polygon
[collision_monitor-26] [INFO] [1790721587.560571358] [collision_monitor]: [scan]: Creating Scan
[collision_monitor-26] [INFO] [1790721587.566993708] [collision_monitor]: [StopZone]: Creating Polygon
[lifecycle_manager-20] [INFO] [1790721587.587119605] [AMR_03.lifecycle_manager_execution]: [34m[1mActivating controller_server[0m[0m
[controller_server-18] [INFO] [1790721587.587870717] [AMR_03.controller_server]: Activating
[controller_server-18] [INFO] [1790721587.587950423] [AMR_03.local_costmap.local_costmap]: Activating
[controller_server-18] [INFO] [1790721587.587969787] [AMR_03.local_costmap.local_costmap]: Checking transform
[controller_server-18] [INFO] [1790721587.588048291] [AMR_03.local_costmap.local_costmap]: Timed out waiting for transform from base_link to odom to become available, tf error: Invalid frame ID "base_link" passed to canTransform argument source_frame - frame does not exist
[lifecycle_manager-27] [INFO] [1790721587.600380295] [AMR_04.lifecycle_manager_execution]: [34m[1mActivating controller_server[0m[0m
[controller_server-25] [INFO] [1790721587.600670387] [AMR_04.controller_server]: Activating
[controller_server-25] [INFO] [1790721587.600708435] [AMR_04.local_costmap.local_costmap]: Activating
[controller_server-25] [INFO] [1790721587.600716367] [AMR_04.local_costmap.local_costmap]: Checking transform
[controller_server-25] [INFO] [1790721587.600763831] [AMR_04.local_costmap.local_costmap]: Timed out waiting for transform from base_link to odom to become available, tf error: Invalid frame ID "base_link" passed to canTransform argument source_frame - frame does not exist
[controller_server-11] [INFO] [1790721587.800753493] [AMR_02.local_costmap.local_costmap]: StaticLayer: Resizing static layer to 100 X 100 at 0.100000 m/pix
[controller_server-18] [INFO] [1790721587.807300838] [AMR_03.local_costmap.local_costmap]: StaticLayer: Resizing static layer to 100 X 100 at 0.100000 m/pix
[controller_server-25] [INFO] [1790721587.914575537] [AMR_04.local_costmap.local_costmap]: StaticLayer: Resizing static layer to 100 X 100 at 0.100000 m/pix
[controller_server-4] [INFO] [1790721587.979300574] [AMR_01.local_costmap.local_costmap]: start
[controller_server-11] [INFO] [1790721587.999967817] [AMR_02.local_costmap.local_costmap]: Timed out waiting for transform from base_link to odom to become available, tf error: Invalid frame ID "base_link" passed to canTransform argument source_frame - frame does not exist
[controller_server-32] [INFO] [1790721588.006108847] [AMR_05.local_costmap.local_costmap]: StaticLayer: Resizing static layer to 100 X 100 at 0.100000 m/pix
[controller_server-4] [INFO] [1790721588.029477230] [AMR_01.controller_server]: Activating controller: FollowPath of type regulated_pure_pursuit_controller::RegulatedPurePursuitController
[controller_server-4] [INFO] [1790721588.029553792] [AMR_01.controller_server]: Creating bond (controller_server) to lifecycle manager.
[controller_server-32] [INFO] [1790721588.031057496] [AMR_05.local_costmap.local_costmap]: start
[lifecycle_manager-6] [INFO] [1790721588.034264803] [AMR_01.lifecycle_manager_execution]: [34m[1mActivating collision_monitor[0m[0m
[collision_monitor-5] [INFO] [1790721588.034562964] [AMR_01.collision_monitor]: Activating
[collision_monitor-5] [INFO] [1790721588.034669530] [AMR_01.collision_monitor]: Creating bond (collision_monitor) to lifecycle manager.
[lifecycle_manager-6] [INFO] [1790721588.038887629] [AMR_01.lifecycle_manager_execution]: [34m[1mManaged nodes are active[0m[0m
[controller_server-32] [INFO] [1790721588.081195113] [AMR_05.controller_server]: Activating controller: FollowPath of type regulated_pure_pursuit_controller::RegulatedPurePursuitController
[controller_server-32] [INFO] [1790721588.081244276] [AMR_05.controller_server]: Creating bond (controller_server) to lifecycle manager.
[lifecycle_manager-34] [INFO] [1790721588.085350100] [AMR_05.lifecycle_manager_execution]: [34m[1mActivating collision_monitor[0m[0m
[collision_monitor-33] [INFO] [1790721588.085601682] [AMR_05.collision_monitor]: Activating
[collision_monitor-33] [INFO] [1790721588.085706275] [AMR_05.collision_monitor]: Creating bond (collision_monitor) to lifecycle manager.
[controller_server-18] [INFO] [1790721588.088347767] [AMR_03.local_costmap.local_costmap]: start
[lifecycle_manager-34] [INFO] [1790721588.089666673] [AMR_05.lifecycle_manager_execution]: [34m[1mManaged nodes are active[0m[0m
[controller_server-25] [INFO] [1790721588.100961350] [AMR_04.local_costmap.local_costmap]: start
[controller_server-18] [INFO] [1790721588.238524095] [AMR_03.controller_server]: Activating controller: FollowPath of type regulated_pure_pursuit_controller::RegulatedPurePursuitController
[controller_server-18] [INFO] [1790721588.238582512] [AMR_03.controller_server]: Creating bond (controller_server) to lifecycle manager.
[lifecycle_manager-20] [INFO] [1790721588.243889651] [AMR_03.lifecycle_manager_execution]: [34m[1mActivating collision_monitor[0m[0m
[collision_monitor-19] [INFO] [1790721588.245003307] [AMR_03.collision_monitor]: Activating
[collision_monitor-19] [INFO] [1790721588.245121590] [AMR_03.collision_monitor]: Creating bond (collision_monitor) to lifecycle manager.
[lifecycle_manager-20] [INFO] [1790721588.250704712] [AMR_03.lifecycle_manager_execution]: [34m[1mManaged nodes are active[0m[0m
[controller_server-25] [INFO] [1790721588.251129282] [AMR_04.controller_server]: Activating controller: FollowPath of type regulated_pure_pursuit_controller::RegulatedPurePursuitController
[controller_server-25] [INFO] [1790721588.251198838] [AMR_04.controller_server]: Creating bond (controller_server) to lifecycle manager.
[lifecycle_manager-27] [INFO] [1790721588.256320757] [AMR_04.lifecycle_manager_execution]: [34m[1mActivating collision_monitor[0m[0m
[collision_monitor-26] [INFO] [1790721588.256632955] [AMR_04.collision_monitor]: Activating
[collision_monitor-26] [INFO] [1790721588.256751510] [AMR_04.collision_monitor]: Creating bond (collision_monitor) to lifecycle manager.
[lifecycle_manager-27] [INFO] [1790721588.261179497] [AMR_04.lifecycle_manager_execution]: [34m[1mManaged nodes are active[0m[0m
[controller_server-11] [INFO] [1790721588.500121078] [AMR_02.local_costmap.local_costmap]: start
[controller_server-11] [INFO] [1790721588.550292687] [AMR_02.controller_server]: Activating controller: FollowPath of type regulated_pure_pursuit_controller::RegulatedPurePursuitController
[controller_server-11] [INFO] [1790721588.550357351] [AMR_02.controller_server]: Creating bond (controller_server) to lifecycle manager.
[lifecycle_manager-13] [INFO] [1790721588.554998242] [AMR_02.lifecycle_manager_execution]: [34m[1mActivating collision_monitor[0m[0m
[collision_monitor-12] [INFO] [1790721588.555174810] [AMR_02.collision_monitor]: Activating
[collision_monitor-12] [INFO] [1790721588.555270739] [AMR_02.collision_monitor]: Creating bond (collision_monitor) to lifecycle manager.
[lifecycle_manager-13] [INFO] [1790721588.558634989] [AMR_02.lifecycle_manager_execution]: [34m[1mManaged nodes are active[0m[0m
[controller_server-4] [INFO] [1790721590.622883334] [AMR_01.local_costmap.local_costmap]: StaticLayer: Resizing static layer to 100 X 100 at 0.100000 m/pix
[controller_server-25] [INFO] [1790721592.901148473] [AMR_04.local_costmap.local_costmap]: StaticLayer: Resizing static layer to 120 X 102 at 0.100000 m/pix
[controller_server-4] [INFO] [1790721593.079527102] [AMR_01.local_costmap.local_costmap]: StaticLayer: Resizing static layer to 120 X 102 at 0.100000 m/pix
[controller_server-18] [INFO] [1790721593.188512089] [AMR_03.local_costmap.local_costmap]: StaticLayer: Resizing static layer to 120 X 102 at 0.100000 m/pix
[controller_server-11] [INFO] [1790721593.200376957] [AMR_02.local_costmap.local_costmap]: StaticLayer: Resizing static layer to 120 X 102 at 0.100000 m/pix
[controller_server-32] [INFO] [1790721593.231238951] [AMR_05.local_costmap.local_costmap]: StaticLayer: Resizing static layer to 120 X 102 at 0.100000 m/pix
[controller_server-4] [INFO] [1790721605.181525197] [AMR_01.controller_server]: Received a goal, begin computing control effort.
[controller_server-11] [INFO] [1790721605.183312300] [AMR_02.controller_server]: Received a goal, begin computing control effort.
[controller_server-25] [INFO] [1790721605.183681883] [AMR_04.controller_server]: Received a goal, begin computing control effort.
[controller_server-18] [INFO] [1790721605.198808117] [AMR_03.controller_server]: Received a goal, begin computing control effort.
[controller_server-32] [INFO] [1790721605.205977493] [AMR_05.controller_server]: Received a goal, begin computing control effort.
[collision_monitor-5] [INFO] [1790721605.852250855] [AMR_01.collision_monitor]: Robot to stop due to StopZone polygon
[collision_monitor-5] [INFO] [1790721607.352264375] [AMR_01.collision_monitor]: Robot to continue normal operation
[controller_server-25] [INFO] [1790721607.733886711] [AMR_04.controller_server]: Reached the goal!
[controller_server-18] [INFO] [1790721607.749050966] [AMR_03.controller_server]: Reached the goal!
[controller_server-32] [INFO] [1790721607.756201139] [AMR_05.controller_server]: Reached the goal!
[controller_server-4] [INFO] [1790721609.231730105] [AMR_01.controller_server]: Reached the goal!
[controller_server-11] [INFO] [1790721610.333513530] [AMR_02.controller_server]: Reached the goal!
[controller_server-32] [INFO] [1790721610.405482875] [AMR_05.controller_server]: Received a goal, begin computing control effort.
[controller_server-4] [INFO] [1790721610.430823437] [AMR_01.controller_server]: Received a goal, begin computing control effort.
[controller_server-11] [INFO] [1790721610.432946964] [AMR_02.controller_server]: Received a goal, begin computing control effort.
[controller_server-25] [INFO] [1790721610.433098655] [AMR_04.controller_server]: Received a goal, begin computing control effort.
[controller_server-18] [INFO] [1790721610.448595318] [AMR_03.controller_server]: Received a goal, begin computing control effort.
[controller_server-32] [INFO] [1790721613.105837337] [AMR_05.controller_server]: Reached the goal!
[controller_server-4] [INFO] [1790721613.181002692] [AMR_01.controller_server]: Reached the goal!
[controller_server-11] [INFO] [1790721613.183146025] [AMR_02.controller_server]: Reached the goal!
[controller_server-25] [INFO] [1790721613.183247198] [AMR_04.controller_server]: Reached the goal!
[controller_server-18] [INFO] [1790721613.198781816] [AMR_03.controller_server]: Reached the goal!
[controller_server-4] [INFO] [1790721613.280874211] [AMR_01.controller_server]: Received a goal, begin computing control effort.
[controller_server-11] [INFO] [1790721613.283331392] [AMR_02.controller_server]: Received a goal, begin computing control effort.
[controller_server-11] [INFO] [1790721616.033504214] [AMR_02.controller_server]: Reached the goal!
[controller_server-4] [INFO] [1790721618.031084413] [AMR_01.controller_server]: Reached the goal!
[controller_server-4] [INFO] [1790721618.131171935] [AMR_01.controller_server]: Received a goal, begin computing control effort.
[controller_server-11] [INFO] [1790721618.133360739] [AMR_02.controller_server]: Received a goal, begin computing control effort.
[controller_server-4] [INFO] [1790721620.881337386] [AMR_01.controller_server]: Reached the goal!
[controller_server-11] [INFO] [1790721622.883519226] [AMR_02.controller_server]: Reached the goal!
[controller_server-4] [INFO] [1790721622.981096466] [AMR_01.controller_server]: Received a goal, begin computing control effort.
[controller_server-11] [INFO] [1790721622.983427520] [AMR_02.controller_server]: Received a goal, begin computing control effort.
[controller_server-4] [INFO] [1790721625.731297686] [AMR_01.controller_server]: Reached the goal!
[controller_server-11] [INFO] [1790721625.733592725] [AMR_02.controller_server]: Reached the goal!
